mode: set
github.com/CodeClarityCE/service-sca-license/src/exceptionManager/ExceptionManager.go:15.75,20.2 4 1
github.com/CodeClarityCE/service-sca-license/src/exceptionManager/ExceptionManager.go:26.76,31.2 4 1
github.com/CodeClarityCE/service-sca-license/src/exceptionManager/ExceptionManager.go:35.49,37.2 1 1
github.com/CodeClarityCE/service-sca-license/src/exceptionManager/ExceptionManager.go:41.51,43.2 1 1
github.com/CodeClarityCE/service-sca-license/src/licenseMatcher/LicenseMatcher.go:44.173,50.42 5 1
github.com/CodeClarityCE/service-sca-license/src/licenseMatcher/LicenseMatcher.go:50.42,54.53 2 1
github.com/CodeClarityCE/service-sca-license/src/licenseMatcher/LicenseMatcher.go:54.53,60.18 2 1
github.com/CodeClarityCE/service-sca-license/src/licenseMatcher/LicenseMatcher.go:60.18,62.5 1 0
github.com/CodeClarityCE/service-sca-license/src/licenseMatcher/LicenseMatcher.go:62.10,64.38 1 1
github.com/CodeClarityCE/service-sca-license/src/licenseMatcher/LicenseMatcher.go:64.38,65.66 1 1
github.com/CodeClarityCE/service-sca-license/src/licenseMatcher/LicenseMatcher.go:65.66,67.7 1 1
github.com/CodeClarityCE/service-sca-license/src/licenseMatcher/LicenseMatcher.go:68.6,68.61 1 1
github.com/CodeClarityCE/service-sca-license/src/licenseMatcher/LicenseMatcher.go:68.61,70.7 1 1
github.com/CodeClarityCE/service-sca-license/src/licenseMatcher/LicenseMatcher.go:73.9,73.62 1 0
github.com/CodeClarityCE/service-sca-license/src/licenseMatcher/LicenseMatcher.go:73.62,75.4 1 0
github.com/CodeClarityCE/service-sca-license/src/licenseMatcher/LicenseMatcher.go:89.3,89.79 1 1
github.com/CodeClarityCE/service-sca-license/src/licenseMatcher/LicenseMatcher.go:89.79,94.18 2 1
github.com/CodeClarityCE/service-sca-license/src/licenseMatcher/LicenseMatcher.go:94.18,96.5 1 1
github.com/CodeClarityCE/service-sca-license/src/licenseMatcher/LicenseMatcher.go:96.10,100.58 2 1
github.com/CodeClarityCE/service-sca-license/src/licenseMatcher/LicenseMatcher.go:100.58,104.6 3 1
github.com/CodeClarityCE/service-sca-license/src/licenseMatcher/LicenseMatcher.go:104.11,106.6 1 0
github.com/CodeClarityCE/service-sca-license/src/licenseMatcher/LicenseMatcher.go:109.5,109.46 1 1
github.com/CodeClarityCE/service-sca-license/src/licenseMatcher/LicenseMatcher.go:109.46,111.25 2 0
github.com/CodeClarityCE/service-sca-license/src/licenseMatcher/LicenseMatcher.go:111.25,112.57 1 0
github.com/CodeClarityCE/service-sca-license/src/licenseMatcher/LicenseMatcher.go:112.57,114.8 1 0
github.com/CodeClarityCE/service-sca-license/src/licenseMatcher/LicenseMatcher.go:115.12,117.33 2 0
github.com/CodeClarityCE/service-sca-license/src/licenseMatcher/LicenseMatcher.go:117.33,118.67 1 0
github.com/CodeClarityCE/service-sca-license/src/licenseMatcher/LicenseMatcher.go:118.67,120.9 1 0
github.com/CodeClarityCE/service-sca-license/src/licenseMatcher/LicenseMatcher.go:121.13,122.65 1 0
github.com/CodeClarityCE/service-sca-license/src/licenseMatcher/LicenseMatcher.go:122.65,124.9 1 0
github.com/CodeClarityCE/service-sca-license/src/licenseMatcher/LicenseMatcher.go:126.8,128.57 2 0
github.com/CodeClarityCE/service-sca-license/src/licenseMatcher/LicenseMatcher.go:128.57,130.9 1 0
github.com/CodeClarityCE/service-sca-license/src/licenseMatcher/LicenseMatcher.go:130.14,132.9 1 0
github.com/CodeClarityCE/service-sca-license/src/licenseMatcher/LicenseMatcher.go:134.8,134.45 1 0
github.com/CodeClarityCE/service-sca-license/src/licenseMatcher/LicenseMatcher.go:152.3,152.36 1 1
github.com/CodeClarityCE/service-sca-license/src/licenseMatcher/LicenseMatcher.go:152.36,154.4 1 1
github.com/CodeClarityCE/service-sca-license/src/licenseMatcher/LicenseMatcher.go:159.3,159.47 1 1
github.com/CodeClarityCE/service-sca-license/src/licenseMatcher/LicenseMatcher.go:159.47,162.46 2 1
github.com/CodeClarityCE/service-sca-license/src/licenseMatcher/LicenseMatcher.go:162.46,164.5 1 0
github.com/CodeClarityCE/service-sca-license/src/licenseMatcher/LicenseMatcher.go:164.10,166.5 1 1
github.com/CodeClarityCE/service-sca-license/src/licenseMatcher/LicenseMatcher.go:168.4,170.65 2 1
github.com/CodeClarityCE/service-sca-license/src/licenseMatcher/LicenseMatcher.go:170.65,173.60 2 1
github.com/CodeClarityCE/service-sca-license/src/licenseMatcher/LicenseMatcher.go:173.60,175.6 1 0
github.com/CodeClarityCE/service-sca-license/src/licenseMatcher/LicenseMatcher.go:175.11,177.6 1 1
github.com/CodeClarityCE/service-sca-license/src/licenseMatcher/LicenseMatcher.go:179.5,179.48 1 1
github.com/CodeClarityCE/service-sca-license/src/licenseMatcher/LicenseMatcher.go:184.3,188.44 2 1
github.com/CodeClarityCE/service-sca-license/src/licenseMatcher/LicenseMatcher.go:192.2,199.30 2 1
github.com/CodeClarityCE/service-sca-license/src/licenseMatcher/LicenseMatcher.go:209.81,213.16 2 1
github.com/CodeClarityCE/service-sca-license/src/licenseMatcher/LicenseMatcher.go:213.16,215.3 1 1
github.com/CodeClarityCE/service-sca-license/src/licenseMatcher/LicenseMatcher.go:217.2,217.23 1 1
github.com/CodeClarityCE/service-sca-license/src/licenseMatcher/LicenseMatcher.go:217.23,219.3 1 1
github.com/CodeClarityCE/service-sca-license/src/licenseMatcher/LicenseMatcher.go:221.2,227.26 3 0
github.com/CodeClarityCE/service-sca-license/src/licenseMatcher/LicenseMatcher.go:227.26,238.47 1 0
github.com/CodeClarityCE/service-sca-license/src/licenseMatcher/LicenseMatcher.go:238.47,240.4 1 0
github.com/CodeClarityCE/service-sca-license/src/licenseMatcher/LicenseMatcher.go:242.3,242.70 1 0
github.com/CodeClarityCE/service-sca-license/src/licenseMatcher/LicenseMatcher.go:242.70,244.4 1 0
github.com/CodeClarityCE/service-sca-license/src/licenseMatcher/LicenseMatcher.go:245.3,245.20 1 0
github.com/CodeClarityCE/service-sca-license/src/licenseMatcher/LicenseMatcher.go:251.2,252.32 2 0
github.com/CodeClarityCE/service-sca-license/src/licenseMatcher/LicenseMatcher.go:252.32,255.84 1 0
github.com/CodeClarityCE/service-sca-license/src/licenseMatcher/LicenseMatcher.go:255.84,257.4 1 0
github.com/CodeClarityCE/service-sca-license/src/licenseMatcher/LicenseMatcher.go:258.3,258.20 1 0
github.com/CodeClarityCE/service-sca-license/src/licenseMatcher/LicenseMatcher.go:262.2,262.55 1 0
github.com/CodeClarityCE/service-sca-license/src/licenseMatcher/LicenseMatcher.go:262.55,264.3 1 0
github.com/CodeClarityCE/service-sca-license/src/licenseMatcher/LicenseMatcher.go:271.52,274.22 2 1
github.com/CodeClarityCE/service-sca-license/src/licenseMatcher/LicenseMatcher.go:274.22,276.3 1 1
github.com/CodeClarityCE/service-sca-license/src/licenseMatcher/LicenseMatcher.go:280.2,281.22 2 1
github.com/CodeClarityCE/service-sca-license/src/licenseMatcher/LicenseMatcher.go:281.22,282.32 1 1
github.com/CodeClarityCE/service-sca-license/src/licenseMatcher/LicenseMatcher.go:282.32,284.4 1 0
github.com/CodeClarityCE/service-sca-license/src/licenseMatcher/LicenseMatcher.go:288.2,288.13 1 1
github.com/CodeClarityCE/service-sca-license/src/outputGenerator/OutputGenerator.go:15.180,32.2 16 1
github.com/CodeClarityCE/service-sca-license/src/outputGenerator/OutputGenerator.go:38.92,49.29 11 1
github.com/CodeClarityCE/service-sca-license/src/outputGenerator/OutputGenerator.go:49.29,54.3 4 1
github.com/CodeClarityCE/service-sca-license/src/outputGenerator/OutputGenerator.go:55.2,57.15 3 1
github.com/CodeClarityCE/service-sca-license/src/outputGenerator/OutputGenerator.go:65.110,77.53 6 1
github.com/CodeClarityCE/service-sca-license/src/outputGenerator/OutputGenerator.go:77.53,79.68 1 1
github.com/CodeClarityCE/service-sca-license/src/outputGenerator/OutputGenerator.go:79.68,81.4 1 1
github.com/CodeClarityCE/service-sca-license/src/outputGenerator/OutputGenerator.go:83.3,84.77 2 1
github.com/CodeClarityCE/service-sca-license/src/outputGenerator/OutputGenerator.go:88.2,94.3 1 1
github.com/CodeClarityCE/service-sca-license/src/outputGenerator/OutputGenerator.go:100.67,104.2 3 1
github.com/CodeClarityCE/service-sca-license/src/repository/license/License.go:16.87,20.16 3 1
github.com/CodeClarityCE/service-sca-license/src/repository/license/License.go:20.16,22.3 1 0
github.com/CodeClarityCE/service-sca-license/src/repository/license/License.go:25.2,27.16 2 1
github.com/CodeClarityCE/service-sca-license/src/repository/license/License.go:27.16,36.3 1 1
github.com/CodeClarityCE/service-sca-license/src/repository/license/License.go:36.8,45.3 1 1
github.com/CodeClarityCE/service-sca-license/src/repository/license/License.go:48.2,48.16 1 1
github.com/CodeClarityCE/service-sca-license/src/repository/license/License.go:48.16,51.3 2 0
github.com/CodeClarityCE/service-sca-license/src/repository/license/License.go:54.2,55.50 2 1
github.com/CodeClarityCE/service-sca-license/src/repository/license/License.go:55.51,55.52 0 1
github.com/CodeClarityCE/service-sca-license/src/repository/license/License.go:57.2,58.22 2 1
github.com/CodeClarityCE/service-sca-license/src/repository/license/License.go:64.61,66.16 2 1
github.com/CodeClarityCE/service-sca-license/src/repository/license/License.go:66.16,68.3 1 0
github.com/CodeClarityCE/service-sca-license/src/repository/license/License.go:71.2,81.16 2 1
github.com/CodeClarityCE/service-sca-license/src/repository/license/License.go:81.16,84.3 2 0
github.com/CodeClarityCE/service-sca-license/src/repository/license/License.go:86.2,87.50 2 1
github.com/CodeClarityCE/service-sca-license/src/repository/license/License.go:87.51,87.52 0 1
github.com/CodeClarityCE/service-sca-license/src/repository/license/License.go:88.2,89.28 2 1
github.com/CodeClarityCE/service-sca-license/src/repository/license/License.go:94.71,96.16 2 0
github.com/CodeClarityCE/service-sca-license/src/repository/license/License.go:96.16,98.3 1 0
github.com/CodeClarityCE/service-sca-license/src/repository/license/License.go:101.2,110.16 2 0
github.com/CodeClarityCE/service-sca-license/src/repository/license/License.go:110.16,113.3 2 0
github.com/CodeClarityCE/service-sca-license/src/repository/license/License.go:116.2,117.50 2 0
github.com/CodeClarityCE/service-sca-license/src/repository/license/License.go:117.51,117.52 0 0
github.com/CodeClarityCE/service-sca-license/src/repository/license/License.go:119.2,120.22 2 0
github.com/CodeClarityCE/service-sca-license/src/repository/license/License.go:128.95,131.16 2 0
github.com/CodeClarityCE/service-sca-license/src/repository/license/License.go:131.16,133.3 1 0
github.com/CodeClarityCE/service-sca-license/src/repository/license/License.go:135.2,151.16 4 0
github.com/CodeClarityCE/service-sca-license/src/repository/license/License.go:151.16,154.3 2 0
github.com/CodeClarityCE/service-sca-license/src/repository/license/License.go:157.2,158.50 2 0
github.com/CodeClarityCE/service-sca-license/src/repository/license/License.go:158.50,163.3 2 0
github.com/CodeClarityCE/service-sca-license/src/repository/license/License.go:165.2,167.22 2 0
github.com/CodeClarityCE/service-sca-license/src/repository/npm/Npm.go:23.100,27.16 3 1
github.com/CodeClarityCE/service-sca-license/src/repository/npm/Npm.go:27.16,29.3 1 0
github.com/CodeClarityCE/service-sca-license/src/repository/npm/Npm.go:31.2,31.12 1 1
github.com/CodeClarityCE/service-sca-license/src/repository/npm/Npm.go:31.12,33.3 1 0
github.com/CodeClarityCE/service-sca-license/src/repository/npm/Npm.go:35.2,36.16 2 1
github.com/CodeClarityCE/service-sca-license/src/repository/npm/Npm.go:36.16,38.3 1 1
github.com/CodeClarityCE/service-sca-license/src/repository/npm/Npm.go:40.2,40.40 1 0
github.com/CodeClarityCE/service-sca-license/src/repository/npm/Npm.go:48.92,53.16 3 1
github.com/CodeClarityCE/service-sca-license/src/repository/npm/Npm.go:53.16,55.3 1 0
github.com/CodeClarityCE/service-sca-license/src/repository/npm/Npm.go:57.2,57.12 1 1
github.com/CodeClarityCE/service-sca-license/src/repository/npm/Npm.go:57.12,59.3 1 0
github.com/CodeClarityCE/service-sca-license/src/repository/npm/Npm.go:61.2,62.16 2 1
github.com/CodeClarityCE/service-sca-license/src/repository/npm/Npm.go:62.16,64.3 1 1
github.com/CodeClarityCE/service-sca-license/src/repository/npm/Npm.go:66.2,66.43 1 0
github.com/CodeClarityCE/service-sca-license/src/utils/license/License.go:14.38,16.16 2 1
github.com/CodeClarityCE/service-sca-license/src/utils/license/License.go:16.16,18.3 1 0
github.com/CodeClarityCE/service-sca-license/src/utils/license/License.go:19.2,19.15 1 1
github.com/CodeClarityCE/service-sca-license/src/utils/license/License.go:26.41,32.23 3 1
github.com/CodeClarityCE/service-sca-license/src/utils/license/License.go:32.23,34.3 1 1
github.com/CodeClarityCE/service-sca-license/src/utils/license/License.go:37.2,38.21 2 1
github.com/CodeClarityCE/service-sca-license/src/utils/license/License.go:38.21,40.3 1 1
github.com/CodeClarityCE/service-sca-license/src/utils/license/License.go:56.2,56.20 1 1
github.com/CodeClarityCE/service-sca-license/src/utils/license/License.go:56.20,59.67 2 1
github.com/CodeClarityCE/service-sca-license/src/utils/license/License.go:59.67,61.4 1 1
github.com/CodeClarityCE/service-sca-license/src/utils/license/License.go:61.9,61.76 1 1
github.com/CodeClarityCE/service-sca-license/src/utils/license/License.go:61.76,63.4 1 0
github.com/CodeClarityCE/service-sca-license/src/utils/license/License.go:65.3,70.37 4 1
github.com/CodeClarityCE/service-sca-license/src/utils/license/License.go:70.37,72.4 1 0
github.com/CodeClarityCE/service-sca-license/src/utils/license/License.go:76.2,76.11 1 1
github.com/CodeClarityCE/service-sca-license/src/utils/license/License.go:83.55,85.16 2 1
github.com/CodeClarityCE/service-sca-license/src/utils/license/License.go:85.16,87.3 1 0
github.com/CodeClarityCE/service-sca-license/src/utils/license/License.go:88.2,88.34 1 1
github.com/CodeClarityCE/service-sca-license/src/utils/license/License.go:94.56,96.16 2 1
github.com/CodeClarityCE/service-sca-license/src/utils/license/License.go:96.16,98.3 1 0
github.com/CodeClarityCE/service-sca-license/src/utils/license/License.go:99.2,99.34 1 1
